mysql> show databases;
+--------------------+
| Database           |
+--------------------+
| dummydb            |
| hospitals          |
| information_schema |
| mysql              |
| performance_schema |
| sakila             |
| sys                |
| world              |
| zoo                |
+--------------------+
9 rows in set (0.08 sec)

mysql> #YYYY-MM-DD HH:MM:SS.SSSSSS
mysql> #DATE AND TIME FORMAT
mysql> #EPOC for MySQL is 1970-01-01 00:00:00
mysql> select curdate();
+------------+
| curdate()  |
+------------+
| 2021-08-28 |
+------------+
1 row in set (0.04 sec)

mysql> select current_date();
+----------------+
| current_date() |
+----------------+
| 2021-08-28     |
+----------------+
1 row in set (0.00 sec)

mysql> select current_time();
+----------------+
| current_time() |
+----------------+
| 10:32:00       |
+----------------+
1 row in set (0.00 sec)

mysql> select sysdate();
+---------------------+
| sysdate()           |
+---------------------+
| 2021-08-28 10:33:44 |
+---------------------+
1 row in set (0.03 sec)

mysql> select currenttimestamp();
ERROR 1046 (3D000): No database selected
mysql> currenttimestamp();
ERROR 1064 (42000): You have an error in your SQL syntax; check the manual that corresponds to your MySQL server version for the right syntax to use near 'currenttimestamp()' at line 1
mysql> select curtime();
+-----------+
| curtime() |
+-----------+
| 10:34:37  |
+-----------+
1 row in set (0.00 sec)

mysql> select localtime();
+---------------------+
| localtime()         |
+---------------------+
| 2021-08-28 10:34:48 |
+---------------------+
1 row in set (0.00 sec)

mysql> select now();
+---------------------+
| now()               |
+---------------------+
| 2021-08-28 10:34:54 |
+---------------------+
1 row in set (0.00 sec)

mysql> use dummydb;
Database changed
mysql> select currenttimestamp();
ERROR 1305 (42000): FUNCTION dummydb.currenttimestamp does not exist
mysql> currenttimestamp();
ERROR 1064 (42000): You have an error in your SQL syntax; check the manual that corresponds to your MySQL server version for the right syntax to use near 'currenttimestamp()' at line 1
mysql> select adddate('2021-08-28' , 7);
+---------------------------+
| adddate('2021-08-28' , 7) |
+---------------------------+
| 2021-09-04                |
+---------------------------+
1 row in set (0.00 sec)

mysql> select dateadd('2021-08-28' , 7);
ERROR 1305 (42000): FUNCTION dummydb.dateadd does not exist
mysql> select addtime('2021-08-28 22:02:45' , 1:12:00.5423);
ERROR 1064 (42000): You have an error in your SQL syntax; check the manual that corresponds to your MySQL server version for the right syntax to use near ':12:00.5423)' at line 1
mysql> select time_format('2021-08-28 10:39
    '> select time_format('2021-08-28 10:39:00' %r);
    '> ;
    '> '
    -> r
    -> ;
ERROR 1064 (42000): You have an error in your SQL syntax; check the manual that corresponds to your MySQL server version for the right syntax to use near '2021-08-28 10:39:00' %r);
;
'
r' at line 2
mysql> select time_format('2021-08-28 10:39:00' %r);
ERROR 1582 (42000): Incorrect parameter count in the call to native function 'time_format'
mysql> select day("2021-08-28");
+-------------------+
| day("2021-08-28") |
+-------------------+
|                28 |
+-------------------+
1 row in set (0.04 sec)

mysql> select dayname("2021-08-28");
+-----------------------+
| dayname("2021-08-28") |
+-----------------------+
| Saturday              |
+-----------------------+
1 row in set (0.02 sec)

mysql> select day(now());
+------------+
| day(now()) |
+------------+
|         28 |
+------------+
1 row in set (0.00 sec)

mysql> select dayname(now());
+----------------+
| dayname(now()) |
+----------------+
| Saturday       |
+----------------+
1 row in set (0.00 sec)

mysql> select dayofweek(now());
+------------------+
| dayofweek(now()) |
+------------------+
|                7 |
+------------------+
1 row in set (0.00 sec)

mysql> select dayofweek('2021-08-27');
+-------------------------+
| dayofweek('2021-08-27') |
+-------------------------+
|                       6 |
+-------------------------+
1 row in set (0.00 sec)

mysql> select dayofweek('2021-08-29');
+-------------------------+
| dayofweek('2021-08-29') |
+-------------------------+
|                       1 |
+-------------------------+
1 row in set (0.00 sec)

mysql> select dayofmonth(now());
+-------------------+
| dayofmonth(now()) |
+-------------------+
|                28 |
+-------------------+
1 row in set (0.00 sec)

mysql> select dayofmonth(20210828);
+----------------------+
| dayofmonth(20210828) |
+----------------------+
|                   28 |
+----------------------+
1 row in set (0.00 sec)

mysql> select dayofyear(20210828);
+---------------------+
| dayofyear(20210828) |
+---------------------+
|                 240 |
+---------------------+
1 row in set (0.03 sec)

mysql> select last_day(20210828);
+--------------------+
| last_day(20210828) |
+--------------------+
| 2021-08-31         |
+--------------------+
1 row in set (0.00 sec)

mysql> select month(20210828);
+-----------------+
| month(20210828) |
+-----------------+
|               8 |
+-----------------+
1 row in set (0.02 sec)

mysql> select monthname(20210828);
+---------------------+
| monthname(20210828) |
+---------------------+
| August              |
+---------------------+
1 row in set (0.02 sec)

mysql> select monthname(20210828) as name;
+--------+
| name   |
+--------+
| August |
+--------+
1 row in set (0.00 sec)

mysql> select monthname(20210828) as month;
+--------+
| month  |
+--------+
| August |
+--------+
1 row in set (0.00 sec)

mysql> select weekday(20210828);
+-------------------+
| weekday(20210828) |
+-------------------+
|                 5 |
+-------------------+
1 row in set (0.02 sec)

mysql> #makedate input -> year , day no.
mysql> select makedate(2021,240)
    -> ;
+--------------------+
| makedate(2021,240) |
+--------------------+
| 2021-08-28         |
+--------------------+
1 row in set (0.00 sec)

mysql> select makedate(2021,-2);
+-------------------+
| makedate(2021,-2) |
+-------------------+
| NULL              |
+-------------------+
1 row in set (0.00 sec)

mysql> select hour(now());
+-------------+
| hour(now()) |
+-------------+
|          10 |
+-------------+
1 row in set (0.00 sec)

mysql> select minute(now());
+---------------+
| minute(now()) |
+---------------+
|            50 |
+---------------+
1 row in set (0.00 sec)

mysql> select second(now());
+---------------+
| second(now()) |
+---------------+
|             1 |
+---------------+
1 row in set (0.00 sec)

mysql> select microsecond(now());
+--------------------+
| microsecond(now()) |
+--------------------+
|                  0 |
+--------------------+
1 row in set (0.02 sec)

mysql> select hour(12:45:11.09987);
ERROR 1064 (42000): You have an error in your SQL syntax; check the manual that corresponds to your MySQL server version for the right syntax to use near ':45:11.09987)' at line 1
mysql> select hour('12:45:11.09987');
+------------------------+
| hour('12:45:11.09987') |
+------------------------+
|                     12 |
+------------------------+
1 row in set (0.00 sec)

mysql> select minute('12:45:11.09987');
+--------------------------+
| minute('12:45:11.09987') |
+--------------------------+
|                       45 |
+--------------------------+
1 row in set (0.00 sec)

mysql> select second('12:45:11.09987');
+--------------------------+
| second('12:45:11.09987') |
+--------------------------+
|                       11 |
+--------------------------+
1 row in set (0.00 sec)

mysql> select microsecond('12:45:11.09987');
+-------------------------------+
| microsecond('12:45:11.09987') |
+-------------------------------+
|                         99870 |
+-------------------------------+
1 row in set (0.00 sec)

mysql> select now();
+---------------------+
| now()               |
+---------------------+
| 2021-08-28 10:53:03 |
+---------------------+
1 row in set (0.00 sec)

mysql> select sysdate();
+---------------------+
| sysdate()           |
+---------------------+
| 2021-08-28 10:53:13 |
+---------------------+
1 row in set (0.00 sec)

mysql> select maketime(13,45,56);
+--------------------+
| maketime(13,45,56) |
+--------------------+
| 13:45:56           |
+--------------------+
1 row in set (0.00 sec)

mysql> #maketime format hr,min,sec
mysql> select adddate('2021-08-28' , INTERVAL 20 days);
ERROR 1064 (42000): You have an error in your SQL syntax; check the manual that corresponds to your MySQL server version for the right syntax to use near 'days)' at line 1
mysql> select adddate('2021-08-28' , 20 days);
ERROR 1064 (42000): You have an error in your SQL syntax; check the manual that corresponds to your MySQL server version for the right syntax to use near 'days)' at line 1
mysql> select adddate('2021-08-28' , 20 DAYs);
ERROR 1064 (42000): You have an error in your SQL syntax; check the manual that corresponds to your MySQL server version for the right syntax to use near 'DAYs)' at line 1
mysql> select adddate('2021-08-28' , INTERVAL 20 years);
ERROR 1064 (42000): You have an error in your SQL syntax; check the manual that corresponds to your MySQL server version for the right syntax to use near 'years)' at line 1
mysql> select adddate("2021-08-28" , INTERVAL 20 years);
ERROR 1064 (42000): You have an error in your SQL syntax; check the manual that corresponds to your MySQL server version for the right syntax to use near 'years)' at line 1
mysql> select adddate("2021-08-28" ,20 years);
ERROR 1064 (42000): You have an error in your SQL syntax; check the manual that corresponds to your MySQL server version for the right syntax to use near 'years)' at line 1
mysql> select datediff("2021-08-28" ,"2021-09-21");
+--------------------------------------+
| datediff("2021-08-28" ,"2021-09-21") |
+--------------------------------------+
|                                  -24 |
+--------------------------------------+
1 row in set (0.02 sec)

mysql> select datediff("2021-08-28" ,"2022-08-28");
+--------------------------------------+
| datediff("2021-08-28" ,"2022-08-28") |
+--------------------------------------+
|                                 -365 |
+--------------------------------------+
1 row in set (0.00 sec)

mysql> select datediff("2023-08-28" ,"2022-08-28");
+--------------------------------------+
| datediff("2023-08-28" ,"2022-08-28") |
+--------------------------------------+
|                                  365 |
+--------------------------------------+
1 row in set (0.00 sec)

mysql> select datediff("2023-08-28" ,20220828);
+----------------------------------+
| datediff("2023-08-28" ,20220828) |
+----------------------------------+
|                              365 |
+----------------------------------+
1 row in set (0.00 sec)

mysql> select period_add(210828,2);
ERROR 1210 (HY000): Incorrect arguments to period_add
mysql> select period_add(20210828,2);
ERROR 1210 (HY000): Incorrect arguments to period_add
mysql> select date_format(210828,"%y");
+--------------------------+
| date_format(210828,"%y") |
+--------------------------+
| 21                       |
+--------------------------+
1 row in set (0.00 sec)

mysql> select date_format(210828,"%y %b");
+-----------------------------+
| date_format(210828,"%y %b") |
+-----------------------------+
| 21 Aug                      |
+-----------------------------+
1 row in set (0.00 sec)

mysql> select date_format(210828,"%y %b %d");
+--------------------------------+
| date_format(210828,"%y %b %d") |
+--------------------------------+
| 21 Aug 28                      |
+--------------------------------+
1 row in set (0.00 sec)

mysql> select date_format(210828,"%d %b %y");
+--------------------------------+
| date_format(210828,"%d %b %y") |
+--------------------------------+
| 28 Aug 21                      |
+--------------------------------+
1 row in set (0.00 sec)

mysql> notee;
